// Jest Snapshot v1, https://goo.gl/fbAQLP

exports[`<TextInput/> should match snaptshot 1`] = `
<div>
  <input
    class="text-input"
    placeholder="Search for a post"
    type="search"
    value=""
  />
</div>
`;
